// Jest Snapshot v1, https://goo.gl/fbAQLP

exports[`<Loading/> should renders 1`] = `
<DocumentFragment>
  <div
    class="Loading"
  >
    <p>
      Loading...
    </p>
  </div>
</DocumentFragment>
`;
