// Jest Snapshot v1, https://goo.gl/fbAQLP

exports[`<Title /> should render with children props 1`] = `
<DocumentFragment>
  <h1
    class="title"
  >
    Test title
  </h1>
</DocumentFragment>
`;
