// Jest Snapshot v1, https://goo.gl/fbAQLP

exports[`<LangSwitcher /> renders <LangSwitcher /> 1`] = `
<DocumentFragment>
  <div
    style="margin-right: 10px;"
  >
    <button
      aria-controls="Lang-switcher"
      aria-haspopup="true"
      aria-label="account of current user"
      class="MuiButtonBase-root MuiIconButton-root MuiIconButton-colorInherit MuiIconButton-edgeEnd"
      data-testid="langBtn"
      tabindex="0"
      type="button"
    >
      <span
        class="MuiIconButton-label"
      >
        <div
          style="font-size: 18px;"
        >
          EN
        </div>
      </span>
      <span
        class="MuiTouchRipple-root"
      />
    </button>
  </div>
</DocumentFragment>
`;
